syntax/unused.sbl:8: warning: routine 'r' defined but not used
